mmmowww@mmmowww-VirtualBox:~$ sudo apt-get update
[sudo] password for mmmowww: 
Hit:1 http://ru.archive.ubuntu.com/ubuntu focal InRelease
Get:2 http://ru.archive.ubuntu.com/ubuntu focal-updates InRelease [111 kB]
Get:3 http://ru.archive.ubuntu.com/ubuntu focal-backports InRelease [98,3 kB]  
Get:4 http://ru.archive.ubuntu.com/ubuntu focal-updates/main i386 Packages [196 kB]
Get:5 http://ru.archive.ubuntu.com/ubuntu focal-updates/main amd64 Packages [326 kB]
Get:6 http://security.ubuntu.com/ubuntu focal-security InRelease [107 kB]     
Get:7 http://ru.archive.ubuntu.com/ubuntu focal-updates/main Translation-en [123 kB]
Get:8 http://ru.archive.ubuntu.com/ubuntu focal-updates/main amd64 DEP-11 Metadata [196 kB]
Get:9 http://ru.archive.ubuntu.com/ubuntu focal-updates/main DEP-11 48x48 Icons [47,6 kB]
Get:10 http://ru.archive.ubuntu.com/ubuntu focal-updates/main DEP-11 64x64 Icons [72,9 kB]
Get:11 http://ru.archive.ubuntu.com/ubuntu focal-updates/main amd64 c-n-f Metadata [8 476 B]
Get:12 http://ru.archive.ubuntu.com/ubuntu focal-updates/universe amd64 Packages [157 kB]
Get:13 http://ru.archive.ubuntu.com/ubuntu focal-updates/universe i386 Packages [84,8 kB]
Get:14 http://ru.archive.ubuntu.com/ubuntu focal-updates/universe Translation-en [78,8 kB]
Get:15 http://ru.archive.ubuntu.com/ubuntu focal-updates/universe amd64 DEP-11 Metadata [184 kB]
Get:16 http://ru.archive.ubuntu.com/ubuntu focal-updates/universe DEP-11 48x48 Icons [93,4 kB]
Get:17 http://ru.archive.ubuntu.com/ubuntu focal-updates/universe DEP-11 64x64 Icons [161 kB]
Get:18 http://ru.archive.ubuntu.com/ubuntu focal-updates/universe amd64 c-n-f Metadata [5 276 B]
Get:19 http://ru.archive.ubuntu.com/ubuntu focal-updates/multiverse amd64 DEP-11 Metadata [2 468 B]
Get:20 http://ru.archive.ubuntu.com/ubuntu focal-backports/universe amd64 DEP-11 Metadata [1 976 B]
Get:21 http://security.ubuntu.com/ubuntu focal-security/main amd64 Packages [160 kB]
Get:22 http://security.ubuntu.com/ubuntu focal-security/main i386 Packages [61,7 kB]
Get:23 http://security.ubuntu.com/ubuntu focal-security/main amd64 DEP-11 Metadata [24,3 kB]
Get:24 http://security.ubuntu.com/ubuntu focal-security/main amd64 c-n-f Metadata [4 176 B]
Get:25 http://security.ubuntu.com/ubuntu focal-security/universe amd64 Packages [53,9 kB]
Get:26 http://security.ubuntu.com/ubuntu focal-security/universe amd64 DEP-11 Metadata [52,3 kB]
Get:27 http://security.ubuntu.com/ubuntu focal-security/universe amd64 c-n-f Metadata [2 180 B]
Fetched 2 416 kB in 1s (1 995 kB/s)                      
Reading package lists... Done
mmmowww@mmmowww-VirtualBox:~$ sudo apt-get install nginx
Reading package lists... Done
Building dependency tree       
Reading state information... Done
The following package was automatically installed and is no longer required:
  libfprint-2-tod1
Use 'sudo apt autoremove' to remove it.
The following additional packages will be installed:
  libnginx-mod-http-image-filter libnginx-mod-http-xslt-filter
  libnginx-mod-mail libnginx-mod-stream nginx-common nginx-core
Suggested packages:
  fcgiwrap nginx-doc
The following NEW packages will be installed
  libnginx-mod-http-image-filter libnginx-mod-http-xslt-filter
  libnginx-mod-mail libnginx-mod-stream nginx nginx-common nginx-core
0 to upgrade, 7 to newly install, 0 to remove and 47 not to upgrade.
Need to get 602 kB of archives.
After this operation, 2 134 kB of additional disk space will be used.
Do you want to continue? [Y/n] y
Get:1 http://ru.archive.ubuntu.com/ubuntu focal-updates/main amd64 nginx-common all 1.18.0-0ubuntu1 [37,3 kB]
Get:2 http://ru.archive.ubuntu.com/ubuntu focal-updates/main amd64 libnginx-mod-http-image-filter amd64 1.18.0-0ubuntu1 [14,3 kB]
Get:3 http://ru.archive.ubuntu.com/ubuntu focal-updates/main amd64 libnginx-mod-http-xslt-filter amd64 1.18.0-0ubuntu1 [12,6 kB]
Get:4 http://ru.archive.ubuntu.com/ubuntu focal-updates/main amd64 libnginx-mod-mail amd64 1.18.0-0ubuntu1 [42,3 kB]
Get:5 http://ru.archive.ubuntu.com/ubuntu focal-updates/main amd64 libnginx-mod-stream amd64 1.18.0-0ubuntu1 [66,9 kB]
Get:6 http://ru.archive.ubuntu.com/ubuntu focal-updates/main amd64 nginx-core amd64 1.18.0-0ubuntu1 [425 kB]
Get:7 http://ru.archive.ubuntu.com/ubuntu focal-updates/main amd64 nginx all 1.18.0-0ubuntu1 [3 624 B]
Fetched 602 kB in 0s (7 277 kB/s)
Preconfiguring packages ...
Selecting previously unselected package nginx-common.
(Reading database ... 146456 files and directories currently installed.)
Preparing to unpack .../0-nginx-common_1.18.0-0ubuntu1_all.deb ...
Unpacking nginx-common (1.18.0-0ubuntu1) ...
Selecting previously unselected package libnginx-mod-http-image-filter.
Preparing to unpack .../1-libnginx-mod-http-image-filter_1.18.0-0ubuntu1_amd64.deb ...
Unpacking libnginx-mod-http-image-filter (1.18.0-0ubuntu1) ...
Selecting previously unselected package libnginx-mod-http-xslt-filter.
Preparing to unpack .../2-libnginx-mod-http-xslt-filter_1.18.0-0ubuntu1_amd64.deb ...
Unpacking libnginx-mod-http-xslt-filter (1.18.0-0ubuntu1) ...
Selecting previously unselected package libnginx-mod-mail.
Preparing to unpack .../3-libnginx-mod-mail_1.18.0-0ubuntu1_amd64.deb ...
Unpacking libnginx-mod-mail (1.18.0-0ubuntu1) ...
Selecting previously unselected package libnginx-mod-stream.
Preparing to unpack .../4-libnginx-mod-stream_1.18.0-0ubuntu1_amd64.deb ...
Unpacking libnginx-mod-stream (1.18.0-0ubuntu1) ...
Selecting previously unselected package nginx-core.
Preparing to unpack .../5-nginx-core_1.18.0-0ubuntu1_amd64.deb ...
Unpacking nginx-core (1.18.0-0ubuntu1) ...
Selecting previously unselected package nginx.
Preparing to unpack .../6-nginx_1.18.0-0ubuntu1_all.deb ...
Unpacking nginx (1.18.0-0ubuntu1) ...
Setting up nginx-common (1.18.0-0ubuntu1) ...
Created symlink /etc/systemd/system/multi-user.target.wants/nginx.service → /lib/systemd/system/nginx.service.
Setting up libnginx-mod-http-xslt-filter (1.18.0-0ubuntu1) ...
Setting up libnginx-mod-mail (1.18.0-0ubuntu1) ...
Setting up libnginx-mod-http-image-filter (1.18.0-0ubuntu1) ...
Setting up libnginx-mod-stream (1.18.0-0ubuntu1) ...
Setting up nginx-core (1.18.0-0ubuntu1) ...
Setting up nginx (1.18.0-0ubuntu1) ...
Processing triggers for systemd (245.4-4ubuntu3.2) ...
Processing triggers for man-db (2.9.1-1) ...
Processing triggers for ufw (0.36-6) ...
mmmowww@mmmowww-VirtualBox:~$ 
mmmowww@mmmowww-VirtualBox:~$ sudo apt-get install php7.4 php7.4-fpm
Reading package lists... Done
Building dependency tree       
Reading state information... Done
The following package was automatically installed and is no longer required:
  libfprint-2-tod1
Use 'sudo apt autoremove' to remove it.
The following additional packages will be installed:
  php-common php7.4-cli php7.4-common php7.4-json php7.4-opcache
  php7.4-readline
Suggested packages:
  php-pear
The following NEW packages will be installed
  php-common php7.4 php7.4-cli php7.4-common php7.4-fpm php7.4-json
  php7.4-opcache php7.4-readline
0 to upgrade, 8 to newly install, 0 to remove and 47 not to upgrade.
Need to get 4 085 kB of archives.
After this operation, 18,1 MB of additional disk space will be used.
Do you want to continue? [Y/n] y
Get:1 http://ru.archive.ubuntu.com/ubuntu focal/main amd64 php-common all 2:75 [11,9 kB]
Get:2 http://ru.archive.ubuntu.com/ubuntu focal-updates/main amd64 php7.4-common amd64 7.4.3-4ubuntu2.2 [979 kB]
Get:3 http://ru.archive.ubuntu.com/ubuntu focal-updates/main amd64 php7.4-json amd64 7.4.3-4ubuntu2.2 [19,2 kB]
Get:4 http://ru.archive.ubuntu.com/ubuntu focal-updates/main amd64 php7.4-opcache amd64 7.4.3-4ubuntu2.2 [198 kB]
Get:5 http://ru.archive.ubuntu.com/ubuntu focal-updates/main amd64 php7.4-readline amd64 7.4.3-4ubuntu2.2 [12,6 kB]
Get:6 http://ru.archive.ubuntu.com/ubuntu focal-updates/main amd64 php7.4-cli amd64 7.4.3-4ubuntu2.2 [1 421 kB]
Get:7 http://ru.archive.ubuntu.com/ubuntu focal-updates/universe amd64 php7.4-fpm amd64 7.4.3-4ubuntu2.2 [1 434 kB]
Get:8 http://ru.archive.ubuntu.com/ubuntu focal-updates/main amd64 php7.4 all 7.4.3-4ubuntu2.2 [9 240 B]
Fetched 4 085 kB in 0s (21,4 MB/s)
Selecting previously unselected package php-common.
(Reading database ... 146534 files and directories currently installed.)
Preparing to unpack .../0-php-common_2%3a75_all.deb ...
Unpacking php-common (2:75) ...
Selecting previously unselected package php7.4-common.
Preparing to unpack .../1-php7.4-common_7.4.3-4ubuntu2.2_amd64.deb ...
Unpacking php7.4-common (7.4.3-4ubuntu2.2) ...
Selecting previously unselected package php7.4-json.
Preparing to unpack .../2-php7.4-json_7.4.3-4ubuntu2.2_amd64.deb ...
Unpacking php7.4-json (7.4.3-4ubuntu2.2) ...
Selecting previously unselected package php7.4-opcache.
Preparing to unpack .../3-php7.4-opcache_7.4.3-4ubuntu2.2_amd64.deb ...
Unpacking php7.4-opcache (7.4.3-4ubuntu2.2) ...
Selecting previously unselected package php7.4-readline.
Preparing to unpack .../4-php7.4-readline_7.4.3-4ubuntu2.2_amd64.deb ...
Unpacking php7.4-readline (7.4.3-4ubuntu2.2) ...
Selecting previously unselected package php7.4-cli.
Preparing to unpack .../5-php7.4-cli_7.4.3-4ubuntu2.2_amd64.deb ...
Unpacking php7.4-cli (7.4.3-4ubuntu2.2) ...
Selecting previously unselected package php7.4-fpm.
Preparing to unpack .../6-php7.4-fpm_7.4.3-4ubuntu2.2_amd64.deb ...
Unpacking php7.4-fpm (7.4.3-4ubuntu2.2) ...
Selecting previously unselected package php7.4.
Preparing to unpack .../7-php7.4_7.4.3-4ubuntu2.2_all.deb ...
Unpacking php7.4 (7.4.3-4ubuntu2.2) ...
Setting up php-common (2:75) ...
Created symlink /etc/systemd/system/timers.target.wants/phpsessionclean.timer → /lib/systemd/system/phpsessionclean.timer.
Setting up php7.4-common (7.4.3-4ubuntu2.2) ...

Creating config file /etc/php/7.4/mods-available/calendar.ini with new version

Creating config file /etc/php/7.4/mods-available/ctype.ini with new version

Creating config file /etc/php/7.4/mods-available/exif.ini with new version

Creating config file /etc/php/7.4/mods-available/fileinfo.ini with new version

Creating config file /etc/php/7.4/mods-available/ffi.ini with new version

Creating config file /etc/php/7.4/mods-available/ftp.ini with new version

Creating config file /etc/php/7.4/mods-available/gettext.ini with new version

Creating config file /etc/php/7.4/mods-available/iconv.ini with new version

Creating config file /etc/php/7.4/mods-available/pdo.ini with new version

Creating config file /etc/php/7.4/mods-available/phar.ini with new version

Creating config file /etc/php/7.4/mods-available/posix.ini with new version

Creating config file /etc/php/7.4/mods-available/shmop.ini with new version

Creating config file /etc/php/7.4/mods-available/sockets.ini with new version

Creating config file /etc/php/7.4/mods-available/sysvmsg.ini with new version

Creating config file /etc/php/7.4/mods-available/sysvsem.ini with new version

Creating config file /etc/php/7.4/mods-available/sysvshm.ini with new version

Creating config file /etc/php/7.4/mods-available/tokenizer.ini with new version
Setting up php7.4-readline (7.4.3-4ubuntu2.2) ...

Creating config file /etc/php/7.4/mods-available/readline.ini with new version
Setting up php7.4-opcache (7.4.3-4ubuntu2.2) ...

Creating config file /etc/php/7.4/mods-available/opcache.ini with new version
Setting up php7.4-json (7.4.3-4ubuntu2.2) ...

Creating config file /etc/php/7.4/mods-available/json.ini with new version
Setting up php7.4-cli (7.4.3-4ubuntu2.2) ...
update-alternatives: using /usr/bin/php7.4 to provide /usr/bin/php (php) in auto mode
update-alternatives: using /usr/bin/phar7.4 to provide /usr/bin/phar (phar) in auto mode
update-alternatives: using /usr/bin/phar.phar7.4 to provide /usr/bin/phar.phar (phar.phar) in auto mode

Creating config file /etc/php/7.4/cli/php.ini with new version
Setting up php7.4-fpm (7.4.3-4ubuntu2.2) ...

Creating config file /etc/php/7.4/fpm/php.ini with new version
Created symlink /etc/systemd/system/multi-user.target.wants/php7.4-fpm.service → /lib/systemd/system/php7.4-fpm.service.
Setting up php7.4 (7.4.3-4ubuntu2.2) ...
Processing triggers for man-db (2.9.1-1) ...
Processing triggers for systemd (245.4-4ubuntu3.2) ...
Processing triggers for php7.4-cli (7.4.3-4ubuntu2.2) ...
Processing triggers for php7.4-fpm (7.4.3-4ubuntu2.2) ...
mmmowww@mmmowww-VirtualBox:~$ sudo apt-get install mysql-server
Reading package lists... Done
Building dependency tree       
Reading state information... Done
The following package was automatically installed and is no longer required:
  libfprint-2-tod1
Use 'sudo apt autoremove' to remove it.
The following additional packages will be installed:
  libaio1 libcgi-fast-perl libcgi-pm-perl libevent-core-2.1-7 libfcgi-perl
  libhtml-template-perl libmecab2 mecab-ipadic mecab-ipadic-utf8 mecab-utils
  mysql-client-8.0 mysql-client-core-8.0 mysql-server-8.0
  mysql-server-core-8.0
Suggested packages:
  libipc-sharedcache-perl mailx tinyca
The following NEW packages will be installed
  libaio1 libcgi-fast-perl libcgi-pm-perl libevent-core-2.1-7 libfcgi-perl
  libhtml-template-perl libmecab2 mecab-ipadic mecab-ipadic-utf8 mecab-utils
  mysql-client-8.0 mysql-client-core-8.0 mysql-server mysql-server-8.0
  mysql-server-core-8.0
0 to upgrade, 15 to newly install, 0 to remove and 47 not to upgrade.
Need to get 30,2 MB of archives.
After this operation, 247 MB of additional disk space will be used.
Do you want to continue? [Y/n] Y
Get:1 http://ru.archive.ubuntu.com/ubuntu focal-updates/main amd64 mysql-client-core-8.0 amd64 8.0.21-0ubuntu0.20.04.4 [4 207 kB]
Get:2 http://ru.archive.ubuntu.com/ubuntu focal-updates/main amd64 mysql-client-8.0 amd64 8.0.21-0ubuntu0.20.04.4 [22,0 kB]
Get:3 http://ru.archive.ubuntu.com/ubuntu focal/main amd64 libaio1 amd64 0.3.112-5 [7 184 B]
Get:4 http://ru.archive.ubuntu.com/ubuntu focal/main amd64 libevent-core-2.1-7 amd64 2.1.11-stable-1 [89,1 kB]
Get:5 http://ru.archive.ubuntu.com/ubuntu focal/main amd64 libmecab2 amd64 0.996-10build1 [233 kB]
Get:6 http://ru.archive.ubuntu.com/ubuntu focal-updates/main amd64 mysql-server-core-8.0 amd64 8.0.21-0ubuntu0.20.04.4 [17,4 MB]
Get:7 http://ru.archive.ubuntu.com/ubuntu focal-updates/main amd64 mysql-server-8.0 amd64 8.0.21-0ubuntu0.20.04.4 [1 249 kB]
Get:8 http://ru.archive.ubuntu.com/ubuntu focal/main amd64 libcgi-pm-perl all 4.46-1 [186 kB]
Get:9 http://ru.archive.ubuntu.com/ubuntu focal/main amd64 libfcgi-perl amd64 0.79-1 [33,1 kB]
Get:10 http://ru.archive.ubuntu.com/ubuntu focal/main amd64 libcgi-fast-perl all 1:2.15-1 [10,5 kB]
Get:11 http://ru.archive.ubuntu.com/ubuntu focal/main amd64 libhtml-template-perl all 2.97-1 [59,0 kB]
Get:12 http://ru.archive.ubuntu.com/ubuntu focal/main amd64 mecab-utils amd64 0.996-10build1 [4 912 B]
Get:13 http://ru.archive.ubuntu.com/ubuntu focal/main amd64 mecab-ipadic all 2.7.0-20070801+main-2.1 [6 714 kB]
Get:14 http://ru.archive.ubuntu.com/ubuntu focal/main amd64 mecab-ipadic-utf8 all 2.7.0-20070801+main-2.1 [4 380 B]
Get:15 http://ru.archive.ubuntu.com/ubuntu focal-updates/main amd64 mysql-server all 8.0.21-0ubuntu0.20.04.4 [9 552 B]
Fetched 30,2 MB in 1s (27,8 MB/s)     
Preconfiguring packages ...
Selecting previously unselected package mysql-client-core-8.0.
(Reading database ... 146684 files and directories currently installed.)
Preparing to unpack .../00-mysql-client-core-8.0_8.0.21-0ubuntu0.20.04.4_amd64.deb ...
Unpacking mysql-client-core-8.0 (8.0.21-0ubuntu0.20.04.4) ...
Selecting previously unselected package mysql-client-8.0.
Preparing to unpack .../01-mysql-client-8.0_8.0.21-0ubuntu0.20.04.4_amd64.deb ...
Unpacking mysql-client-8.0 (8.0.21-0ubuntu0.20.04.4) ...
Selecting previously unselected package libaio1:amd64.
Preparing to unpack .../02-libaio1_0.3.112-5_amd64.deb ...
Unpacking libaio1:amd64 (0.3.112-5) ...
Selecting previously unselected package libevent-core-2.1-7:amd64.
Preparing to unpack .../03-libevent-core-2.1-7_2.1.11-stable-1_amd64.deb ...
Unpacking libevent-core-2.1-7:amd64 (2.1.11-stable-1) ...
Selecting previously unselected package libmecab2:amd64.
Preparing to unpack .../04-libmecab2_0.996-10build1_amd64.deb ...
Unpacking libmecab2:amd64 (0.996-10build1) ...
Selecting previously unselected package mysql-server-core-8.0.
Preparing to unpack .../05-mysql-server-core-8.0_8.0.21-0ubuntu0.20.04.4_amd64.deb ...
Unpacking mysql-server-core-8.0 (8.0.21-0ubuntu0.20.04.4) ...
Selecting previously unselected package mysql-server-8.0.
Preparing to unpack .../06-mysql-server-8.0_8.0.21-0ubuntu0.20.04.4_amd64.deb ...
Unpacking mysql-server-8.0 (8.0.21-0ubuntu0.20.04.4) ...
Selecting previously unselected package libcgi-pm-perl.
Preparing to unpack .../07-libcgi-pm-perl_4.46-1_all.deb ...
Unpacking libcgi-pm-perl (4.46-1) ...
Selecting previously unselected package libfcgi-perl.
Preparing to unpack .../08-libfcgi-perl_0.79-1_amd64.deb ...
Unpacking libfcgi-perl (0.79-1) ...
Selecting previously unselected package libcgi-fast-perl.
Preparing to unpack .../09-libcgi-fast-perl_1%3a2.15-1_all.deb ...
Unpacking libcgi-fast-perl (1:2.15-1) ...
Selecting previously unselected package libhtml-template-perl.
Preparing to unpack .../10-libhtml-template-perl_2.97-1_all.deb ...
Unpacking libhtml-template-perl (2.97-1) ...
Selecting previously unselected package mecab-utils.
Preparing to unpack .../11-mecab-utils_0.996-10build1_amd64.deb ...
Unpacking mecab-utils (0.996-10build1) ...
Selecting previously unselected package mecab-ipadic.
Preparing to unpack .../12-mecab-ipadic_2.7.0-20070801+main-2.1_all.deb ...
Unpacking mecab-ipadic (2.7.0-20070801+main-2.1) ...
Selecting previously unselected package mecab-ipadic-utf8.
Preparing to unpack .../13-mecab-ipadic-utf8_2.7.0-20070801+main-2.1_all.deb ...
Unpacking mecab-ipadic-utf8 (2.7.0-20070801+main-2.1) ...
Selecting previously unselected package mysql-server.
Preparing to unpack .../14-mysql-server_8.0.21-0ubuntu0.20.04.4_all.deb ...
Unpacking mysql-server (8.0.21-0ubuntu0.20.04.4) ...
Setting up libmecab2:amd64 (0.996-10build1) ...
Setting up mysql-client-core-8.0 (8.0.21-0ubuntu0.20.04.4) ...
Setting up libcgi-pm-perl (4.46-1) ...
Setting up libhtml-template-perl (2.97-1) ...
Setting up mecab-utils (0.996-10build1) ...
Setting up libevent-core-2.1-7:amd64 (2.1.11-stable-1) ...
Setting up mysql-client-8.0 (8.0.21-0ubuntu0.20.04.4) ...
Setting up libfcgi-perl (0.79-1) ...
Setting up libaio1:amd64 (0.3.112-5) ...
Setting up mecab-ipadic (2.7.0-20070801+main-2.1) ...
Compiling IPA dictionary for Mecab.  This takes long time...
reading /usr/share/mecab/dic/ipadic/unk.def ... 40
emitting double-array: 100% |###########################################| 
/usr/share/mecab/dic/ipadic/model.def is not found. skipped.
reading /usr/share/mecab/dic/ipadic/Postp.csv ... 146
reading /usr/share/mecab/dic/ipadic/Noun.name.csv ... 34202
reading /usr/share/mecab/dic/ipadic/Interjection.csv ... 252
reading /usr/share/mecab/dic/ipadic/Noun.adverbal.csv ... 795
reading /usr/share/mecab/dic/ipadic/Noun.number.csv ... 42
reading /usr/share/mecab/dic/ipadic/Noun.place.csv ... 72999
reading /usr/share/mecab/dic/ipadic/Noun.verbal.csv ... 12146
reading /usr/share/mecab/dic/ipadic/Noun.csv ... 60477
reading /usr/share/mecab/dic/ipadic/Noun.proper.csv ... 27328
reading /usr/share/mecab/dic/ipadic/Prefix.csv ... 221
reading /usr/share/mecab/dic/ipadic/Symbol.csv ... 208
reading /usr/share/mecab/dic/ipadic/Others.csv ... 2
reading /usr/share/mecab/dic/ipadic/Postp-col.csv ... 91
reading /usr/share/mecab/dic/ipadic/Adverb.csv ... 3032
reading /usr/share/mecab/dic/ipadic/Verb.csv ... 130750
reading /usr/share/mecab/dic/ipadic/Noun.nai.csv ... 42
reading /usr/share/mecab/dic/ipadic/Conjunction.csv ... 171
reading /usr/share/mecab/dic/ipadic/Noun.others.csv ... 151
reading /usr/share/mecab/dic/ipadic/Noun.org.csv ... 16668
reading /usr/share/mecab/dic/ipadic/Noun.adjv.csv ... 3328
reading /usr/share/mecab/dic/ipadic/Suffix.csv ... 1393
reading /usr/share/mecab/dic/ipadic/Noun.demonst.csv ... 120
reading /usr/share/mecab/dic/ipadic/Adnominal.csv ... 135
reading /usr/share/mecab/dic/ipadic/Filler.csv ... 19
reading /usr/share/mecab/dic/ipadic/Auxil.csv ... 199
reading /usr/share/mecab/dic/ipadic/Adj.csv ... 27210
emitting double-array: 100% |###########################################| 
reading /usr/share/mecab/dic/ipadic/matrix.def ... 1316x1316
emitting matrix      : 100% |###########################################| 

done!
update-alternatives: using /var/lib/mecab/dic/ipadic to provide /var/lib/mecab/dic/debian (mecab-dictionary) in auto mode
Setting up libcgi-fast-perl (1:2.15-1) ...
Setting up mysql-server-core-8.0 (8.0.21-0ubuntu0.20.04.4) ...
Setting up mecab-ipadic-utf8 (2.7.0-20070801+main-2.1) ...
Compiling IPA dictionary for Mecab.  This takes long time...
reading /usr/share/mecab/dic/ipadic/unk.def ... 40
emitting double-array: 100% |###########################################| 
/usr/share/mecab/dic/ipadic/model.def is not found. skipped.
reading /usr/share/mecab/dic/ipadic/Postp.csv ... 146
reading /usr/share/mecab/dic/ipadic/Noun.name.csv ... 34202
reading /usr/share/mecab/dic/ipadic/Interjection.csv ... 252
reading /usr/share/mecab/dic/ipadic/Noun.adverbal.csv ... 795
reading /usr/share/mecab/dic/ipadic/Noun.number.csv ... 42
reading /usr/share/mecab/dic/ipadic/Noun.place.csv ... 72999
reading /usr/share/mecab/dic/ipadic/Noun.verbal.csv ... 12146
reading /usr/share/mecab/dic/ipadic/Noun.csv ... 60477
reading /usr/share/mecab/dic/ipadic/Noun.proper.csv ... 27328
reading /usr/share/mecab/dic/ipadic/Prefix.csv ... 221
reading /usr/share/mecab/dic/ipadic/Symbol.csv ... 208
reading /usr/share/mecab/dic/ipadic/Others.csv ... 2
reading /usr/share/mecab/dic/ipadic/Postp-col.csv ... 91
reading /usr/share/mecab/dic/ipadic/Adverb.csv ... 3032
reading /usr/share/mecab/dic/ipadic/Verb.csv ... 130750
reading /usr/share/mecab/dic/ipadic/Noun.nai.csv ... 42
reading /usr/share/mecab/dic/ipadic/Conjunction.csv ... 171
reading /usr/share/mecab/dic/ipadic/Noun.others.csv ... 151
reading /usr/share/mecab/dic/ipadic/Noun.org.csv ... 16668
reading /usr/share/mecab/dic/ipadic/Noun.adjv.csv ... 3328
reading /usr/share/mecab/dic/ipadic/Suffix.csv ... 1393
reading /usr/share/mecab/dic/ipadic/Noun.demonst.csv ... 120
reading /usr/share/mecab/dic/ipadic/Adnominal.csv ... 135
reading /usr/share/mecab/dic/ipadic/Filler.csv ... 19
reading /usr/share/mecab/dic/ipadic/Auxil.csv ... 199
reading /usr/share/mecab/dic/ipadic/Adj.csv ... 27210
emitting double-array: 100% |###########################################| 
reading /usr/share/mecab/dic/ipadic/matrix.def ... 1316x1316
emitting matrix      : 100% |###########################################| 

done!
update-alternatives: using /var/lib/mecab/dic/ipadic-utf8 to provide /var/lib/mecab/dic/debian (mecab-dictionary) in auto mode
Setting up mysql-server-8.0 (8.0.21-0ubuntu0.20.04.4) ...
update-alternatives: using /etc/mysql/mysql.cnf to provide /etc/mysql/my.cnf (my.cnf) in auto mode
Renaming removed key_buffer and myisam-recover options (if present)
mysqld will log errors to /var/log/mysql/error.log
mysqld is running as pid 11303
Created symlink /etc/systemd/system/multi-user.target.wants/mysql.service → /lib/systemd/system/mysql.service.
Setting up mysql-server (8.0.21-0ubuntu0.20.04.4) ...
Processing triggers for systemd (245.4-4ubuntu3.2) ...
Processing triggers for man-db (2.9.1-1) ...
Processing triggers for libc-bin (2.31-0ubuntu9) ...
(1 screen)
sudo nginx -t
[sudo] password for mmmowww: 
nginx: the configuration file /etc/nginx/nginx.conf syntax is ok
nginx: configuration file /etc/nginx/nginx.conf test is successful
mmmowww@mmmowww-VirtualBox:/etc/nginx/sites-available$ 
sudo touch /var/www/html index.php
mmmowww@mmmowww-VirtualBox:~$ cd /etc/nginx/sites-available/
mmmowww@mmmowww-VirtualBox:/etc/nginx/sites-available$ ls -i
788445 default
mmmowww@mmmowww-VirtualBox:/etc/nginx/sites-available$ sudo nano default
[sudo] password for mmmowww: 
mmmowww@mmmowww-VirtualBox:/etc/nginx/sites-available$ pwd
/etc/nginx/sites-available
mmmowww@mmmowww-VirtualBox:/etc/nginx/sites-available$ sudo nano default
mmmowww@mmmowww-VirtualBox:/etc/nginx/sites-available$ sudo nginx -t
[sudo] password for mmmowww: 
nginx: the configuration file /etc/nginx/nginx.conf syntax is ok
nginx: configuration file /etc/nginx/nginx.conf test is successful
mmmowww@mmmowww-VirtualBox:/etc/nginx/sites-available$ sudo service nginx restart
mmmowww@mmmowww-VirtualBox:/etc/nginx/sites-available$ cd /var/www/html
mmmowww@mmmowww-VirtualBox:/var/www/html$ ls -l
total 4
-rw-r--r-- 1 root root 612 авг 20 17:07 index.nginx-debian.html
mmmowww@mmmowww-VirtualBox:/var/www/html$ ls -i
6161901 index.nginx-debian.html
mmmowww@mmmowww-VirtualBox:/var/www/html$ cat index.php
cat: index.php: No such file or directory
mmmowww@mmmowww-VirtualBox:/var/www/html$ sudo cat /var/www/html index.php
cat: /var/www/html: Is a directory
cat: index.php: No such file or directory
mmmowww@mmmowww-VirtualBox:/var/www/html$ sudo touch /var/www/html index.php
mmmowww@mmmowww-VirtualBox:/var/www/html$ sudo rm /var/www/html index.html
rm: cannot remove '/var/www/html': Is a directory
rm: cannot remove 'index.html': No such file or directory
mmmowww@mmmowww-VirtualBox:/var/www/html$ sudo rm /var/www/html index.nginx.debian.html
mmmowww@mmmowww-VirtualBox:/var/www/html$ sudo rm /var/www/html index.nginx-debian.html
rm: cannot remove '/var/www/html': Is a dir
mmmowww@mmmowww-VirtualBox:/var/www/html$ sudo cat index.php
mmmowww@mmmowww-VirtualBox:/var/www/html$ cat index.php
mmmowww@mmmowww-VirtualBox:/var/www/html$ nano index.php
mmmowww@mmmowww-VirtualBox:/var/www/html$ nano index.php
mmmowww@mmmowww-VirtualBox:/var/www/html$ cat index.php
<?php
echo "Вот и всё друзьяшки!";
echo phpinfo();
?>
mmmowww@mmmowww-VirtualBox:/var/www/html$ 