mmmowww@mmmowww-VirtualBox:~$ php -v
PHP 7.4.3 (cli) (built: May 26 2020 12:24:22) ( NTS )
Copyright (c) The PHP Group
Zend Engine v3.4.0, Copyright (c) Zend Technologies
    with Zend OPcache v7.4.3, Copyright (c), by Zend Technologies
    with Xdebug v2.9.2, Copyright (c) 2002-2020, by Derick Rethans
mmmowww@mmmowww-VirtualBox:~$ wget https://packages.erlang-solutions.com/erlang-solutions_1.0_all.deb
--2020-09-09 16:21:27--  https://packages.erlang-solutions.com/erlang-solutions_1.0_all.deb
Resolving packages.erlang-solutions.com (packages.erlang-solutions.com)... 52.85.47.70, 52.85.47.38, 52.85.47.129, ...
Connecting to packages.erlang-solutions.com (packages.erlang-solutions.com)|52.85.47.70|:443... connected.
HTTP request sent, awaiting response... 200 OK
Length: 6286 (6,1K)
Saving to: ‘erlang-solutions_1.0_all.deb’

erlang-solutions_1. 100%[===================>]   6,14K  --.-KB/s    in 0s      

2020-09-09 16:21:27 (1,68 GB/s) - ‘erlang-solutions_1.0_all.deb’ saved [6286/6286]

mmmowww@mmmowww-VirtualBox:~$ sudo dpkg -i erlang-solutions_1.0_all.deb
Selecting previously unselected package erlang-solutions.
(Reading database ... 184664 files and directories currently installed.)
Preparing to unpack erlang-solutions_1.0_all.deb ...
Unpacking erlang-solutions (1.0) ...
Setting up erlang-solutions (1.0) ...
#deb cdrom:[Ubuntu 20.04.1 LTS _Focal Fossa_ - Release amd64 (20200731)]/ focal main restricted

# See http://help.ubuntu.com/community/UpgradeNotes for how to upgrade to
# newer versions of the distribution.
deb http://ru.archive.ubuntu.com/ubuntu/ focal main restricted
# deb-src http://ru.archive.ubuntu.com/ubuntu/ focal main restricted

## Major bug fix updates produced after the final release of the
## distribution.
deb http://ru.archive.ubuntu.com/ubuntu/ focal-updates main restricted
# deb-src http://ru.archive.ubuntu.com/ubuntu/ focal-updates main restricted

## N.B. software from this repository is ENTIRELY UNSUPPORTED by the Ubuntu
## team. Also, please note that software in universe WILL NOT receive any
## review or updates from the Ubuntu security team.
deb http://ru.archive.ubuntu.com/ubuntu/ focal universe
# deb-src http://ru.archive.ubuntu.com/ubuntu/ focal universe
deb http://ru.archive.ubuntu.com/ubuntu/ focal-updates universe
# deb-src http://ru.archive.ubuntu.com/ubuntu/ focal-updates universe

## N.B. software from this repository is ENTIRELY UNSUPPORTED by the Ubuntu 
## team, and may not be under a free licence. Please satisfy yourself as to 
## your rights to use the software. Also, please note that software in 
## multiverse WILL NOT receive any review or updates from the Ubuntu
## security team.
deb http://ru.archive.ubuntu.com/ubuntu/ focal multiverse
# deb-src http://ru.archive.ubuntu.com/ubuntu/ focal multiverse
deb http://ru.archive.ubuntu.com/ubuntu/ focal-updates multiverse
# deb-src http://ru.archive.ubuntu.com/ubuntu/ focal-updates multiverse

## N.B. software from this repository may not have been tested as
## extensively as that contained in the main release, although it includes
## newer versions of some applications which may provide useful features.
## Also, please note that software in backports WILL NOT receive any review
## or updates from the Ubuntu security team.
deb http://ru.archive.ubuntu.com/ubuntu/ focal-backports main restricted universe multiverse
# deb-src http://ru.archive.ubuntu.com/ubuntu/ focal-backports main restricted universe multiverse

## Uncomment the following two lines to add software from Canonical's
## 'partner' repository.
## This software is not part of Ubuntu, but is offered by Canonical and the
## respective vendors as a service to Ubuntu users.
# deb http://archive.canonical.com/ubuntu focal partner
# deb-src http://archive.canonical.com/ubuntu focal partner

deb http://security.ubuntu.com/ubuntu focal-security main restricted
# deb-src http://security.ubuntu.com/ubuntu focal-security main restricted
deb http://security.ubuntu.com/ubuntu focal-security universe
# deb-src http://security.ubuntu.com/ubuntu focal-security universe
deb http://security.ubuntu.com/ubuntu focal-security multiverse
# deb-src http://security.ubuntu.com/ubuntu focal-security multiverse

# This system was installed using small removable media
# (e.g. netinst, live or single CD). The matching "deb cdrom"
# entries were disabled at the end of the installation process.
# For information about how to configure apt package sources,
# see the sources.list(5) manual.
mmmowww@mmmowww-VirtualBox:~$ sudo apt-get update
Hit:1 http://ru.archive.ubuntu.com/ubuntu focal InRelease
Get:2 http://ru.archive.ubuntu.com/ubuntu focal-updates InRelease [111 kB]
Get:3 http://ru.archive.ubuntu.com/ubuntu focal-backports InRelease [98,3 kB]
Get:4 http://security.ubuntu.com/ubuntu focal-security InRelease [107 kB]      
Get:5 http://ru.archive.ubuntu.com/ubuntu focal-updates/main amd64 Packages [353 kB]
Get:6 http://ru.archive.ubuntu.com/ubuntu focal-updates/main i386 Packages [206 kB]
Get:7 http://ru.archive.ubuntu.com/ubuntu focal-updates/universe i386 Packages [90,4 kB]
Get:8 http://ru.archive.ubuntu.com/ubuntu focal-updates/universe amd64 Packages [165 kB]
Ign:9 http://binaries.erlang-solutions.com/debian squeeze InRelease            
Get:10 http://binaries.erlang-solutions.com/debian squeeze Release [2 538 B]   
Get:11 http://binaries.erlang-solutions.com/debian squeeze Release.gpg [836 B] 
Get:12 http://binaries.erlang-solutions.com/debian squeeze/contrib i386 Packages [3 769 B]
Get:13 http://binaries.erlang-solutions.com/debian squeeze/contrib amd64 Packages [3 467 B]
Fetched 1 141 kB in 1s (1 644 kB/s)
Reading package lists... Done
mmmowww@mmmowww-VirtualBox:~$ sudo apt-get install erlang erlang-nox
Reading package lists... Done
Building dependency tree       
Reading state information... Done
The following package was automatically installed and is no longer required:
  libfprint-2-tod1
Use 'sudo apt autoremove' to remove it.
The following additional packages will be installed:
  ca-certificates-java default-jre-headless erlang-asn1 erlang-base
  erlang-common-test erlang-crypto erlang-debugger erlang-dev erlang-dialyzer
  erlang-diameter erlang-edoc erlang-eldap erlang-erl-docgen erlang-et
  erlang-eunit erlang-examples erlang-ftp erlang-inets erlang-jinterface
  erlang-megaco erlang-mnesia erlang-mode erlang-observer erlang-odbc
  erlang-os-mon erlang-parsetools erlang-public-key erlang-reltool
  erlang-runtime-tools erlang-snmp erlang-src erlang-ssh erlang-ssl
  erlang-syntax-tools erlang-tftp erlang-tools erlang-wx erlang-xmerl
  java-common javascript-common libjs-jquery libjs-jquery-metadata
  libjs-jquery-tablesorter libodbc1 libsctp1 libwxbase3.0-0v5
  libwxgtk3.0-gtk3-0v5 openjdk-11-jre-headless
Suggested packages:
  default-jre erlang-manpages erlang-doc xsltproc fop libmyodbc
  odbc-postgresql tdsodbc unixodbc-bin lksctp-tools fonts-dejavu-extra
  fonts-ipafont-gothic fonts-ipafont-mincho fonts-wqy-microhei
  | fonts-wqy-zenhei
The following NEW packages will be installed
  ca-certificates-java default-jre-headless erlang erlang-asn1 erlang-base
  erlang-common-test erlang-crypto erlang-debugger erlang-dev erlang-dialyzer
  erlang-diameter erlang-edoc erlang-eldap erlang-erl-docgen erlang-et
  erlang-eunit erlang-examples erlang-ftp erlang-inets erlang-jinterface
  erlang-megaco erlang-mnesia erlang-mode erlang-nox erlang-observer
  erlang-odbc erlang-os-mon erlang-parsetools erlang-public-key erlang-reltool
  erlang-runtime-tools erlang-snmp erlang-src erlang-ssh erlang-ssl
  erlang-syntax-tools erlang-tftp erlang-tools erlang-wx erlang-xmerl
  java-common javascript-common libjs-jquery libjs-jquery-metadata
  libjs-jquery-tablesorter libodbc1 libsctp1 libwxbase3.0-0v5
  libwxgtk3.0-gtk3-0v5 openjdk-11-jre-headless
0 to upgrade, 50 to newly install, 0 to remove and 47 not to upgrade.
Need to get 79,8 MB of archives.
After this operation, 302 MB of additional disk space will be used.
Do you want to continue? [Y/n] y
Get:1 http://ru.archive.ubuntu.com/ubuntu focal/main amd64 java-common all 0.72 [6 816 B]
Get:2 http://ru.archive.ubuntu.com/ubuntu focal-updates/main amd64 openjdk-11-jre-headless amd64 11.0.8+10-0ubuntu1~20.04 [37,4 MB]
Get:3 http://ru.archive.ubuntu.com/ubuntu focal/main amd64 default-jre-headless amd64 2:1.11-72 [3 192 B]
Get:4 http://ru.archive.ubuntu.com/ubuntu focal/main amd64 ca-certificates-java all 20190405ubuntu1 [12,2 kB]
Get:5 http://ru.archive.ubuntu.com/ubuntu focal/main amd64 erlang-base amd64 1:22.2.7+dfsg-1 [8 063 kB]
Get:6 http://ru.archive.ubuntu.com/ubuntu focal/main amd64 erlang-dev amd64 1:22.2.7+dfsg-1 [315 kB]
Get:7 http://ru.archive.ubuntu.com/ubuntu focal/main amd64 erlang-asn1 amd64 1:22.2.7+dfsg-1 [712 kB]
Get:8 http://ru.archive.ubuntu.com/ubuntu focal/main amd64 erlang-crypto amd64 1:22.2.7+dfsg-1 [137 kB]
Get:9 http://ru.archive.ubuntu.com/ubuntu focal/universe amd64 libwxbase3.0-0v5 amd64 3.0.4+dfsg-15build1 [982 kB]
Get:10 http://ru.archive.ubuntu.com/ubuntu focal/universe amd64 libwxgtk3.0-gtk3-0v5 amd64 3.0.4+dfsg-15build1 [4 359 kB]
Get:11 http://ru.archive.ubuntu.com/ubuntu focal/universe amd64 erlang-wx amd64 1:22.2.7+dfsg-1 [2 788 kB]
Get:12 http://ru.archive.ubuntu.com/ubuntu focal/universe amd64 erlang-debugger amd64 1:22.2.7+dfsg-1 [378 kB]
Get:13 http://ru.archive.ubuntu.com/ubuntu focal/main amd64 erlang-mnesia amd64 1:22.2.7+dfsg-1 [716 kB]
Get:14 http://ru.archive.ubuntu.com/ubuntu focal/main amd64 erlang-runtime-tools amd64 1:22.2.7+dfsg-1 [182 kB]
Get:15 http://ru.archive.ubuntu.com/ubuntu focal/main amd64 erlang-public-key amd64 1:22.2.7+dfsg-1 [567 kB]
Get:16 http://ru.archive.ubuntu.com/ubuntu focal/main amd64 erlang-ssl amd64 1:22.2.7+dfsg-1 [1 103 kB]
Get:17 http://ru.archive.ubuntu.com/ubuntu focal/main amd64 erlang-ftp amd64 1:22.2.7+dfsg-1 [68,8 kB]
Get:18 http://ru.archive.ubuntu.com/ubuntu focal/main amd64 erlang-tftp amd64 1:22.2.7+dfsg-1 [84,6 kB]
Get:19 http://ru.archive.ubuntu.com/ubuntu focal/main amd64 erlang-inets amd64 1:22.2.7+dfsg-1 [577 kB]
Get:20 http://ru.archive.ubuntu.com/ubuntu focal/universe amd64 erlang-et amd64 1:22.2.7+dfsg-1 [145 kB]
Get:21 http://ru.archive.ubuntu.com/ubuntu focal/universe amd64 erlang-observer amd64 1:22.2.7+dfsg-1 [854 kB]
Get:22 http://ru.archive.ubuntu.com/ubuntu focal/main amd64 erlang-snmp amd64 1:22.2.7+dfsg-1 [1 538 kB]
Get:23 http://ru.archive.ubuntu.com/ubuntu focal/main amd64 erlang-ssh amd64 1:22.2.7+dfsg-1 [640 kB]
Get:24 http://ru.archive.ubuntu.com/ubuntu focal/main amd64 erlang-syntax-tools amd64 1:22.2.7+dfsg-1 [344 kB]
Get:25 http://ru.archive.ubuntu.com/ubuntu focal/main amd64 erlang-tools amd64 1:22.2.7+dfsg-1 [499 kB]
Get:26 http://ru.archive.ubuntu.com/ubuntu focal/main amd64 erlang-xmerl amd64 1:22.2.7+dfsg-1 [1 113 kB]
Get:27 http://ru.archive.ubuntu.com/ubuntu focal/main amd64 libjs-jquery all 3.3.1~dfsg-3 [329 kB]
Get:28 http://ru.archive.ubuntu.com/ubuntu focal/universe amd64 libjs-jquery-metadata all 12-1.1 [7 032 B]
Get:29 http://ru.archive.ubuntu.com/ubuntu focal/universe amd64 libjs-jquery-tablesorter all 1:2.31.1+dfsg1-1 [175 kB]
Get:30 http://ru.archive.ubuntu.com/ubuntu focal/universe amd64 erlang-common-test amd64 1:22.2.7+dfsg-1 [992 kB]
Get:31 http://ru.archive.ubuntu.com/ubuntu focal/universe amd64 erlang-dialyzer amd64 1:22.2.7+dfsg-1 [675 kB]
Get:32 http://ru.archive.ubuntu.com/ubuntu focal/universe amd64 erlang-diameter amd64 1:22.2.7+dfsg-1 [649 kB]
Get:33 http://ru.archive.ubuntu.com/ubuntu focal/universe amd64 erlang-edoc amd64 1:22.2.7+dfsg-1 [280 kB]
Get:34 http://ru.archive.ubuntu.com/ubuntu focal/main amd64 erlang-eldap amd64 1:22.2.7+dfsg-1 [99,7 kB]
Get:35 http://ru.archive.ubuntu.com/ubuntu focal/universe amd64 erlang-erl-docgen amd64 1:22.2.7+dfsg-1 [120 kB]
Get:36 http://ru.archive.ubuntu.com/ubuntu focal/universe amd64 erlang-eunit amd64 1:22.2.7+dfsg-1 [134 kB]
Get:37 http://ru.archive.ubuntu.com/ubuntu focal/main amd64 erlang-megaco amd64 1:22.2.7+dfsg-1 [5 412 kB]
Get:38 http://ru.archive.ubuntu.com/ubuntu focal/main amd64 libodbc1 amd64 2.3.6-0.1build1 [189 kB]
Get:39 http://ru.archive.ubuntu.com/ubuntu focal/universe amd64 erlang-odbc amd64 1:22.2.7+dfsg-1 [48,6 kB]
Get:40 http://ru.archive.ubuntu.com/ubuntu focal/main amd64 erlang-os-mon amd64 1:22.2.7+dfsg-1 [81,2 kB]
Get:41 http://ru.archive.ubuntu.com/ubuntu focal/main amd64 erlang-parsetools amd64 1:22.2.7+dfsg-1 [151 kB]
Get:42 http://ru.archive.ubuntu.com/ubuntu focal/universe amd64 erlang-reltool amd64 1:22.2.7+dfsg-1 [326 kB]
Get:43 http://ru.archive.ubuntu.com/ubuntu focal/universe amd64 erlang all 1:22.2.7+dfsg-1 [13,1 kB]
Get:44 http://ru.archive.ubuntu.com/ubuntu focal/main amd64 erlang-examples all 1:22.2.7+dfsg-1 [919 kB]
Get:45 http://ru.archive.ubuntu.com/ubuntu focal/universe amd64 erlang-jinterface all 1:22.2.7+dfsg-1 [106 kB]
Get:46 http://ru.archive.ubuntu.com/ubuntu focal/universe amd64 erlang-mode all 1:22.2.7+dfsg-1 [89,8 kB]
Get:47 http://ru.archive.ubuntu.com/ubuntu focal/universe amd64 erlang-nox all 1:22.2.7+dfsg-1 [12,8 kB]
Get:48 http://ru.archive.ubuntu.com/ubuntu focal/universe amd64 erlang-src all 1:22.2.7+dfsg-1 [5 347 kB]
Get:49 http://ru.archive.ubuntu.com/ubuntu focal/main amd64 javascript-common all 11 [6 066 B]
Get:50 http://ru.archive.ubuntu.com/ubuntu focal/main amd64 libsctp1 amd64 1.0.18+dfsg-1 [7 876 B]
Fetched 79,8 MB in 19s (4 308 kB/s)                                            
Extract templates from packages: 100%
Selecting previously unselected package java-common.
(Reading database ... 184664 files and directories currently installed.)
Preparing to unpack .../00-java-common_0.72_all.deb ...
Unpacking java-common (0.72) ...
Selecting previously unselected package openjdk-11-jre-headless:amd64.
Preparing to unpack .../01-openjdk-11-jre-headless_11.0.8+10-0ubuntu1~20.04_amd64.deb ...
Unpacking openjdk-11-jre-headless:amd64 (11.0.8+10-0ubuntu1~20.04) ...
Selecting previously unselected package default-jre-headless.
Preparing to unpack .../02-default-jre-headless_2%3a1.11-72_amd64.deb ...
Unpacking default-jre-headless (2:1.11-72) ...
Selecting previously unselected package ca-certificates-java.
Preparing to unpack .../03-ca-certificates-java_20190405ubuntu1_all.deb ...
Unpacking ca-certificates-java (20190405ubuntu1) ...
Selecting previously unselected package erlang-base.
Preparing to unpack .../04-erlang-base_1%3a22.2.7+dfsg-1_amd64.deb ...
Unpacking erlang-base (1:22.2.7+dfsg-1) ...
Selecting previously unselected package erlang-dev.
Preparing to unpack .../05-erlang-dev_1%3a22.2.7+dfsg-1_amd64.deb ...
Unpacking erlang-dev (1:22.2.7+dfsg-1) ...
Selecting previously unselected package erlang-asn1.
Preparing to unpack .../06-erlang-asn1_1%3a22.2.7+dfsg-1_amd64.deb ...
Unpacking erlang-asn1 (1:22.2.7+dfsg-1) ...
Selecting previously unselected package erlang-crypto.
Preparing to unpack .../07-erlang-crypto_1%3a22.2.7+dfsg-1_amd64.deb ...
Unpacking erlang-crypto (1:22.2.7+dfsg-1) ...
Selecting previously unselected package libwxbase3.0-0v5:amd64.
Preparing to unpack .../08-libwxbase3.0-0v5_3.0.4+dfsg-15build1_amd64.deb ...
Unpacking libwxbase3.0-0v5:amd64 (3.0.4+dfsg-15build1) ...
Selecting previously unselected package libwxgtk3.0-gtk3-0v5:amd64.
Preparing to unpack .../09-libwxgtk3.0-gtk3-0v5_3.0.4+dfsg-15build1_amd64.deb ...
Unpacking libwxgtk3.0-gtk3-0v5:amd64 (3.0.4+dfsg-15build1) ...
Selecting previously unselected package erlang-wx.
Preparing to unpack .../10-erlang-wx_1%3a22.2.7+dfsg-1_amd64.deb ...
Unpacking erlang-wx (1:22.2.7+dfsg-1) ...
Selecting previously unselected package erlang-debugger.
Preparing to unpack .../11-erlang-debugger_1%3a22.2.7+dfsg-1_amd64.deb ...
Unpacking erlang-debugger (1:22.2.7+dfsg-1) ...
Selecting previously unselected package erlang-mnesia.
Preparing to unpack .../12-erlang-mnesia_1%3a22.2.7+dfsg-1_amd64.deb ...
Unpacking erlang-mnesia (1:22.2.7+dfsg-1) ...
Selecting previously unselected package erlang-runtime-tools.
Preparing to unpack .../13-erlang-runtime-tools_1%3a22.2.7+dfsg-1_amd64.deb ...
Unpacking erlang-runtime-tools (1:22.2.7+dfsg-1) ...
Selecting previously unselected package erlang-public-key.
Preparing to unpack .../14-erlang-public-key_1%3a22.2.7+dfsg-1_amd64.deb ...
Unpacking erlang-public-key (1:22.2.7+dfsg-1) ...
Selecting previously unselected package erlang-ssl.
Preparing to unpack .../15-erlang-ssl_1%3a22.2.7+dfsg-1_amd64.deb ...
Unpacking erlang-ssl (1:22.2.7+dfsg-1) ...
Selecting previously unselected package erlang-ftp.
Preparing to unpack .../16-erlang-ftp_1%3a22.2.7+dfsg-1_amd64.deb ...
Unpacking erlang-ftp (1:22.2.7+dfsg-1) ...
Selecting previously unselected package erlang-tftp.
Preparing to unpack .../17-erlang-tftp_1%3a22.2.7+dfsg-1_amd64.deb ...
Unpacking erlang-tftp (1:22.2.7+dfsg-1) ...
Selecting previously unselected package erlang-inets.
Preparing to unpack .../18-erlang-inets_1%3a22.2.7+dfsg-1_amd64.deb ...
Unpacking erlang-inets (1:22.2.7+dfsg-1) ...
Selecting previously unselected package erlang-et.
Preparing to unpack .../19-erlang-et_1%3a22.2.7+dfsg-1_amd64.deb ...
Unpacking erlang-et (1:22.2.7+dfsg-1) ...
Selecting previously unselected package erlang-observer.
Preparing to unpack .../20-erlang-observer_1%3a22.2.7+dfsg-1_amd64.deb ...
Unpacking erlang-observer (1:22.2.7+dfsg-1) ...
Selecting previously unselected package erlang-snmp.
Preparing to unpack .../21-erlang-snmp_1%3a22.2.7+dfsg-1_amd64.deb ...
Unpacking erlang-snmp (1:22.2.7+dfsg-1) ...
Selecting previously unselected package erlang-ssh.
Preparing to unpack .../22-erlang-ssh_1%3a22.2.7+dfsg-1_amd64.deb ...
Unpacking erlang-ssh (1:22.2.7+dfsg-1) ...
Selecting previously unselected package erlang-syntax-tools.
Preparing to unpack .../23-erlang-syntax-tools_1%3a22.2.7+dfsg-1_amd64.deb ...
Unpacking erlang-syntax-tools (1:22.2.7+dfsg-1) ...
Selecting previously unselected package erlang-tools.
Preparing to unpack .../24-erlang-tools_1%3a22.2.7+dfsg-1_amd64.deb ...
Unpacking erlang-tools (1:22.2.7+dfsg-1) ...
Selecting previously unselected package erlang-xmerl.
Preparing to unpack .../25-erlang-xmerl_1%3a22.2.7+dfsg-1_amd64.deb ...
Unpacking erlang-xmerl (1:22.2.7+dfsg-1) ...
Selecting previously unselected package libjs-jquery.
Preparing to unpack .../26-libjs-jquery_3.3.1~dfsg-3_all.deb ...
Unpacking libjs-jquery (3.3.1~dfsg-3) ...
Selecting previously unselected package libjs-jquery-metadata.
Preparing to unpack .../27-libjs-jquery-metadata_12-1.1_all.deb ...
Unpacking libjs-jquery-metadata (12-1.1) ...
Selecting previously unselected package libjs-jquery-tablesorter.
Preparing to unpack .../28-libjs-jquery-tablesorter_1%3a2.31.1+dfsg1-1_all.deb ...
Unpacking libjs-jquery-tablesorter (1:2.31.1+dfsg1-1) ...
Selecting previously unselected package erlang-common-test.
Preparing to unpack .../29-erlang-common-test_1%3a22.2.7+dfsg-1_amd64.deb ...
Unpacking erlang-common-test (1:22.2.7+dfsg-1) ...
Selecting previously unselected package erlang-dialyzer.
Preparing to unpack .../30-erlang-dialyzer_1%3a22.2.7+dfsg-1_amd64.deb ...
Unpacking erlang-dialyzer (1:22.2.7+dfsg-1) ...
Selecting previously unselected package erlang-diameter.
Preparing to unpack .../31-erlang-diameter_1%3a22.2.7+dfsg-1_amd64.deb ...
Unpacking erlang-diameter (1:22.2.7+dfsg-1) ...
Selecting previously unselected package erlang-edoc.
Preparing to unpack .../32-erlang-edoc_1%3a22.2.7+dfsg-1_amd64.deb ...
Unpacking erlang-edoc (1:22.2.7+dfsg-1) ...
Selecting previously unselected package erlang-eldap.
Preparing to unpack .../33-erlang-eldap_1%3a22.2.7+dfsg-1_amd64.deb ...
Unpacking erlang-eldap (1:22.2.7+dfsg-1) ...
Selecting previously unselected package erlang-erl-docgen.
Preparing to unpack .../34-erlang-erl-docgen_1%3a22.2.7+dfsg-1_amd64.deb ...
Unpacking erlang-erl-docgen (1:22.2.7+dfsg-1) ...
Selecting previously unselected package erlang-eunit.
Preparing to unpack .../35-erlang-eunit_1%3a22.2.7+dfsg-1_amd64.deb ...
Unpacking erlang-eunit (1:22.2.7+dfsg-1) ...
Selecting previously unselected package erlang-megaco.
Preparing to unpack .../36-erlang-megaco_1%3a22.2.7+dfsg-1_amd64.deb ...
Unpacking erlang-megaco (1:22.2.7+dfsg-1) ...
Selecting previously unselected package libodbc1:amd64.
Preparing to unpack .../37-libodbc1_2.3.6-0.1build1_amd64.deb ...
Unpacking libodbc1:amd64 (2.3.6-0.1build1) ...
Selecting previously unselected package erlang-odbc.
Preparing to unpack .../38-erlang-odbc_1%3a22.2.7+dfsg-1_amd64.deb ...
Unpacking erlang-odbc (1:22.2.7+dfsg-1) ...
Selecting previously unselected package erlang-os-mon.
Preparing to unpack .../39-erlang-os-mon_1%3a22.2.7+dfsg-1_amd64.deb ...
Unpacking erlang-os-mon (1:22.2.7+dfsg-1) ...
Selecting previously unselected package erlang-parsetools.
Preparing to unpack .../40-erlang-parsetools_1%3a22.2.7+dfsg-1_amd64.deb ...
Unpacking erlang-parsetools (1:22.2.7+dfsg-1) ...
Selecting previously unselected package erlang-reltool.
Preparing to unpack .../41-erlang-reltool_1%3a22.2.7+dfsg-1_amd64.deb ...
Unpacking erlang-reltool (1:22.2.7+dfsg-1) ...
Selecting previously unselected package erlang.
Preparing to unpack .../42-erlang_1%3a22.2.7+dfsg-1_all.deb ...
Unpacking erlang (1:22.2.7+dfsg-1) ...
Selecting previously unselected package erlang-examples.
Preparing to unpack .../43-erlang-examples_1%3a22.2.7+dfsg-1_all.deb ...
Unpacking erlang-examples (1:22.2.7+dfsg-1) ...
Selecting previously unselected package erlang-jinterface.
Preparing to unpack .../44-erlang-jinterface_1%3a22.2.7+dfsg-1_all.deb ...
Unpacking erlang-jinterface (1:22.2.7+dfsg-1) ...
Selecting previously unselected package erlang-mode.
Preparing to unpack .../45-erlang-mode_1%3a22.2.7+dfsg-1_all.deb ...
Unpacking erlang-mode (1:22.2.7+dfsg-1) ...
Selecting previously unselected package erlang-nox.
Preparing to unpack .../46-erlang-nox_1%3a22.2.7+dfsg-1_all.deb ...
Unpacking erlang-nox (1:22.2.7+dfsg-1) ...
Selecting previously unselected package erlang-src.
Preparing to unpack .../47-erlang-src_1%3a22.2.7+dfsg-1_all.deb ...
Unpacking erlang-src (1:22.2.7+dfsg-1) ...
Selecting previously unselected package javascript-common.
Preparing to unpack .../48-javascript-common_11_all.deb ...
Unpacking javascript-common (11) ...
Selecting previously unselected package libsctp1:amd64.
Preparing to unpack .../49-libsctp1_1.0.18+dfsg-1_amd64.deb ...
Unpacking libsctp1:amd64 (1.0.18+dfsg-1) ...
Setting up javascript-common (11) ...
Setting up erlang-base (1:22.2.7+dfsg-1) ...
Created symlink /etc/systemd/system/multi-user.target.wants/epmd.service → /lib/systemd/system/epmd.service.
Created symlink /etc/systemd/system/sockets.target.wants/epmd.socket → /lib/systemd/system/epmd.socket.
Searching for services which depend on erlang and should be started... none found.
Setting up java-common (0.72) ...
Setting up erlang-src (1:22.2.7+dfsg-1) ...
Setting up erlang-xmerl (1:22.2.7+dfsg-1) ...
Setting up erlang-syntax-tools (1:22.2.7+dfsg-1) ...
Setting up erlang-examples (1:22.2.7+dfsg-1) ...
Setting up erlang-eunit (1:22.2.7+dfsg-1) ...
Setting up erlang-parsetools (1:22.2.7+dfsg-1) ...
Setting up erlang-dialyzer (1:22.2.7+dfsg-1) ...
Setting up erlang-dev (1:22.2.7+dfsg-1) ...
Setting up libodbc1:amd64 (2.3.6-0.1build1) ...
Setting up erlang-mode (1:22.2.7+dfsg-1) ...
Setting up erlang-asn1 (1:22.2.7+dfsg-1) ...
Setting up erlang-tftp (1:22.2.7+dfsg-1) ...
Setting up libsctp1:amd64 (1.0.18+dfsg-1) ...
Setting up erlang-mnesia (1:22.2.7+dfsg-1) ...
Setting up libwxbase3.0-0v5:amd64 (3.0.4+dfsg-15build1) ...
Setting up libjs-jquery (3.3.1~dfsg-3) ...
Setting up erlang-crypto (1:22.2.7+dfsg-1) ...
Setting up erlang-runtime-tools (1:22.2.7+dfsg-1) ...
Setting up erlang-odbc (1:22.2.7+dfsg-1) ...
Setting up erlang-tools (1:22.2.7+dfsg-1) ...
Setting up libwxgtk3.0-gtk3-0v5:amd64 (3.0.4+dfsg-15build1) ...
Setting up erlang-snmp (1:22.2.7+dfsg-1) ...
Setting up libjs-jquery-metadata (12-1.1) ...
Setting up erlang-public-key (1:22.2.7+dfsg-1) ...
Setting up erlang-megaco (1:22.2.7+dfsg-1) ...
Setting up erlang-wx (1:22.2.7+dfsg-1) ...
Setting up erlang-ssh (1:22.2.7+dfsg-1) ...
Setting up libjs-jquery-tablesorter (1:2.31.1+dfsg1-1) ...
Setting up erlang-reltool (1:22.2.7+dfsg-1) ...
Setting up erlang-ssl (1:22.2.7+dfsg-1) ...
Setting up erlang-diameter (1:22.2.7+dfsg-1) ...
Setting up erlang-et (1:22.2.7+dfsg-1) ...
Setting up erlang-os-mon (1:22.2.7+dfsg-1) ...
Setting up erlang-eldap (1:22.2.7+dfsg-1) ...
Setting up erlang-debugger (1:22.2.7+dfsg-1) ...
Setting up erlang-ftp (1:22.2.7+dfsg-1) ...
Setting up erlang-observer (1:22.2.7+dfsg-1) ...
Setting up erlang-inets (1:22.2.7+dfsg-1) ...
Setting up erlang-common-test (1:22.2.7+dfsg-1) ...
Setting up erlang-edoc (1:22.2.7+dfsg-1) ...
Setting up erlang-erl-docgen (1:22.2.7+dfsg-1) ...
Setting up erlang (1:22.2.7+dfsg-1) ...
Setting up erlang-nox (1:22.2.7+dfsg-1) ...
Setting up default-jre-headless (2:1.11-72) ...
Setting up openjdk-11-jre-headless:amd64 (11.0.8+10-0ubuntu1~20.04) ...
update-alternatives: using /usr/lib/jvm/java-11-openjdk-amd64/bin/rmid to provide /usr/bin/rmid (rmid) in auto mode
update-alternatives: using /usr/lib/jvm/java-11-openjdk-amd64/bin/java to provide /usr/bin/java (java) in auto mode
update-alternatives: using /usr/lib/jvm/java-11-openjdk-amd64/bin/keytool to provide /usr/bin/keytool (keytool) in auto mode
update-alternatives: using /usr/lib/jvm/java-11-openjdk-amd64/bin/jjs to provide /usr/bin/jjs (jjs) in auto mode
update-alternatives: using /usr/lib/jvm/java-11-openjdk-amd64/bin/pack200 to provide /usr/bin/pack200 (pack200) in auto mode
update-alternatives: using /usr/lib/jvm/java-11-openjdk-amd64/bin/rmiregistry to provide /usr/bin/rmiregistry (rmiregistry) in auto mode
update-alternatives: using /usr/lib/jvm/java-11-openjdk-amd64/bin/unpack200 to provide /usr/bin/unpack200 (unpack200) in auto mode
update-alternatives: using /usr/lib/jvm/java-11-openjdk-amd64/bin/jfr to provide /usr/bin/jfr (jfr) in auto mode
update-alternatives: using /usr/lib/jvm/java-11-openjdk-amd64/lib/jexec to provide /usr/bin/jexec (jexec) in auto mode
Setting up erlang-jinterface (1:22.2.7+dfsg-1) ...
Setting up ca-certificates-java (20190405ubuntu1) ...
head: cannot open '/etc/ssl/certs/java/cacerts' for reading: No such file or directory
Adding debian:Certinomis_-_Root_CA.pem
Adding debian:Deutsche_Telekom_Root_CA_2.pem
Adding debian:SecureSign_RootCA11.pem
Adding debian:thawte_Primary_Root_CA_-_G2.pem
Adding debian:ISRG_Root_X1.pem
Adding debian:DigiCert_Global_Root_G3.pem
Adding debian:D-TRUST_Root_Class_3_CA_2_2009.pem
Adding debian:Hongkong_Post_Root_CA_1.pem
Adding debian:DigiCert_Assured_ID_Root_G2.pem
Adding debian:AC_RAIZ_FNMT-RCM.pem
Adding debian:TUBITAK_Kamu_SM_SSL_Kok_Sertifikasi_-_Surum_1.pem
Adding debian:QuoVadis_Root_CA_2.pem
Adding debian:DigiCert_Assured_ID_Root_CA.pem
Adding debian:Certum_Trusted_Network_CA.pem
Adding debian:QuoVadis_Root_CA.pem
Adding debian:GlobalSign_ECC_Root_CA_-_R4.pem
Adding debian:ePKI_Root_Certification_Authority.pem
Adding debian:TrustCor_RootCert_CA-2.pem
Adding debian:AffirmTrust_Commercial.pem
Adding debian:Security_Communication_RootCA2.pem
Adding debian:Hellenic_Academic_and_Research_Institutions_RootCA_2015.pem
Adding debian:Go_Daddy_Class_2_CA.pem
Adding debian:USERTrust_ECC_Certification_Authority.pem
Adding debian:QuoVadis_Root_CA_3.pem
Adding debian:DST_Root_CA_X3.pem
Adding debian:USERTrust_RSA_Certification_Authority.pem
Adding debian:SSL.com_Root_Certification_Authority_ECC.pem
Adding debian:SSL.com_EV_Root_Certification_Authority_RSA_R2.pem
Adding debian:GlobalSign_Root_CA_-_R2.pem
Adding debian:NetLock_Arany_=Class_Gold=_Főtanúsítvány.pem
Adding debian:GeoTrust_Primary_Certification_Authority.pem
Adding debian:Secure_Global_CA.pem
Adding debian:TWCA_Root_Certification_Authority.pem
Adding debian:COMODO_RSA_Certification_Authority.pem
Adding debian:COMODO_Certification_Authority.pem
Adding debian:GeoTrust_Universal_CA.pem
Adding debian:TeliaSonera_Root_CA_v1.pem
Adding debian:CFCA_EV_ROOT.pem
Adding debian:Actalis_Authentication_Root_CA.pem
Adding debian:Buypass_Class_3_Root_CA.pem
Adding debian:Hellenic_Academic_and_Research_Institutions_ECC_RootCA_2015.pem
Adding debian:Starfield_Class_2_CA.pem
Adding debian:T-TeleSec_GlobalRoot_Class_3.pem
Adding debian:Amazon_Root_CA_4.pem
Adding debian:SZAFIR_ROOT_CA2.pem
Adding debian:DigiCert_High_Assurance_EV_Root_CA.pem
Adding debian:GeoTrust_Global_CA.pem
Adding debian:Entrust_Root_Certification_Authority.pem
Adding debian:OISTE_WISeKey_Global_Root_GA_CA.pem
Adding debian:VeriSign_Universal_Root_Certification_Authority.pem
Adding debian:Staat_der_Nederlanden_EV_Root_CA.pem
Adding debian:GeoTrust_Universal_CA_2.pem
Adding debian:ACCVRAIZ1.pem
Adding debian:Chambers_of_Commerce_Root_-_2008.pem
Adding debian:EE_Certification_Centre_Root_CA.pem
Adding debian:SSL.com_Root_Certification_Authority_RSA.pem
Adding debian:Hellenic_Academic_and_Research_Institutions_RootCA_2011.pem
Adding debian:Microsec_e-Szigno_Root_CA_2009.pem
Adding debian:Starfield_Services_Root_Certificate_Authority_-_G2.pem
Adding debian:Starfield_Root_Certificate_Authority_-_G2.pem
Adding debian:GlobalSign_ECC_Root_CA_-_R5.pem
Adding debian:Staat_der_Nederlanden_Root_CA_-_G2.pem
Adding debian:thawte_Primary_Root_CA.pem
Adding debian:SecureTrust_CA.pem
Adding debian:Entrust_Root_Certification_Authority_-_G2.pem
Adding debian:OISTE_WISeKey_Global_Root_GB_CA.pem
Adding debian:SwissSign_Silver_CA_-_G2.pem
Adding debian:Certplus_Class_2_Primary_CA.pem
Adding debian:DigiCert_Global_Root_G2.pem
Adding debian:IdenTrust_Commercial_Root_CA_1.pem
Adding debian:Staat_der_Nederlanden_Root_CA_-_G3.pem
Adding debian:AffirmTrust_Premium.pem
Adding debian:XRamp_Global_CA_Root.pem
Adding debian:Verisign_Class_3_Public_Primary_Certification_Authority_-_G3.pem
Adding debian:Atos_TrustedRoot_2011.pem
Adding debian:Certum_Trusted_Network_CA_2.pem
Adding debian:EC-ACC.pem
Adding debian:Go_Daddy_Root_Certificate_Authority_-_G2.pem
Adding debian:LuxTrust_Global_Root_2.pem
Adding debian:OISTE_WISeKey_Global_Root_GC_CA.pem
Adding debian:GeoTrust_Primary_Certification_Authority_-_G3.pem
Adding debian:Certigna.pem
Adding debian:thawte_Primary_Root_CA_-_G3.pem
Adding debian:TWCA_Global_Root_CA.pem
Adding debian:Amazon_Root_CA_2.pem
Adding debian:TrustCor_RootCert_CA-1.pem
Adding debian:GeoTrust_Primary_Certification_Authority_-_G2.pem
Adding debian:GlobalSign_Root_CA_-_R3.pem
Adding debian:Sonera_Class_2_Root_CA.pem
Adding debian:QuoVadis_Root_CA_1_G3.pem
Adding debian:Buypass_Class_2_Root_CA.pem
Adding debian:Cybertrust_Global_Root.pem
Adding debian:E-Tugra_Certification_Authority.pem
Adding debian:Entrust_Root_Certification_Authority_-_EC1.pem
Adding debian:AffirmTrust_Premium_ECC.pem
Adding debian:Taiwan_GRCA.pem
Adding debian:certSIGN_ROOT_CA.pem
Adding debian:QuoVadis_Root_CA_3_G3.pem
Adding debian:SSL.com_EV_Root_Certification_Authority_ECC.pem
Adding debian:Network_Solutions_Certificate_Authority.pem
Adding debian:Autoridad_de_Certificacion_Firmaprofesional_CIF_A62634068.pem
Adding debian:GlobalSign_Root_CA.pem
Adding debian:Security_Communication_Root_CA.pem
Adding debian:VeriSign_Class_3_Public_Primary_Certification_Authority_-_G4.pem
Adding debian:Amazon_Root_CA_3.pem
Adding debian:IdenTrust_Public_Sector_Root_CA_1.pem
Adding debian:GlobalSign_Root_CA_-_R6.pem
Adding debian:SwissSign_Gold_CA_-_G2.pem
Adding debian:Entrust.net_Premium_2048_Secure_Server_CA.pem
Adding debian:ssl-cert-snakeoil.pem
Adding debian:Trustis_FPS_Root_CA.pem
Adding debian:CA_Disig_Root_R2.pem
Adding debian:Baltimore_CyberTrust_Root.pem
Adding debian:DigiCert_Trusted_Root_G4.pem
Adding debian:Izenpe.com.pem
Adding debian:GDCA_TrustAUTH_R5_ROOT.pem
Adding debian:D-TRUST_Root_Class_3_CA_2_EV_2009.pem
Adding debian:Amazon_Root_CA_1.pem
Adding debian:Global_Chambersign_Root_-_2008.pem
Adding debian:T-TeleSec_GlobalRoot_Class_2.pem
Adding debian:VeriSign_Class_3_Public_Primary_Certification_Authority_-_G5.pem
Adding debian:QuoVadis_Root_CA_2_G3.pem
Adding debian:Comodo_AAA_Services_root.pem
Adding debian:COMODO_ECC_Certification_Authority.pem
Adding debian:DigiCert_Assured_ID_Root_G3.pem
Adding debian:AffirmTrust_Networking.pem
Adding debian:DigiCert_Global_Root_CA.pem
Adding debian:TrustCor_ECA-1.pem
done.
Processing triggers for libc-bin (2.31-0ubuntu9) ...
Processing triggers for man-db (2.9.1-1) ...
Processing triggers for ca-certificates (20190110ubuntu1.1) ...
Updating certificates in /etc/ssl/certs...
0 added, 0 removed; done.
Running hooks in /etc/ca-certificates/update.d...

done.
done.
mmmowww@mmmowww-VirtualBox:~$ sudo apt-get update
Hit:1 http://ru.archive.ubuntu.com/ubuntu focal InRelease
Hit:2 http://ru.archive.ubuntu.com/ubuntu focal-updates InRelease              
Get:3 http://ru.archive.ubuntu.com/ubuntu focal-backports InRelease [98,3 kB]  
Get:4 http://security.ubuntu.com/ubuntu focal-security InRelease [107 kB]      
Ign:5 http://binaries.erlang-solutions.com/debian squeeze InRelease            
Hit:6 http://binaries.erlang-solutions.com/debian squeeze Release
Fetched 205 kB in 0s (424 kB/s)
Reading package lists... Done
mmmowww@mmmowww-VirtualBox:~$ sudo apt-get install rabbitmq-server
Reading package lists... Done
Building dependency tree       
Reading state information... Done
The following package was automatically installed and is no longer required:
  libfprint-2-tod1
Use 'sudo apt autoremove' to remove it.
The following additional packages will be installed:
  locales-all socat
The following NEW packages will be installed
  locales-all rabbitmq-server socat
0 to upgrade, 3 to newly install, 0 to remove and 47 not to upgrade.
Need to get 22,4 MB of archives.
After this operation, 249 MB of additional disk space will be used.
Do you want to continue? [Y/n] y
Get:1 http://ru.archive.ubuntu.com/ubuntu focal/main amd64 locales-all amd64 2.31-0ubuntu9 [10,6 MB]
Get:2 http://ru.archive.ubuntu.com/ubuntu focal/main amd64 socat amd64 1.7.3.3-2 [323 kB]
Get:3 http://ru.archive.ubuntu.com/ubuntu focal-updates/main amd64 rabbitmq-server all 3.8.2-0ubuntu1.1 [11,5 MB]
Fetched 22,4 MB in 5s (4 231 kB/s)            
Selecting previously unselected package locales-all.
(Reading database ... 189842 files and directories currently installed.)
Preparing to unpack .../locales-all_2.31-0ubuntu9_amd64.deb ...
Unpacking locales-all (2.31-0ubuntu9) ...
Selecting previously unselected package socat.
Preparing to unpack .../socat_1.7.3.3-2_amd64.deb ...
Unpacking socat (1.7.3.3-2) ...
Selecting previously unselected package rabbitmq-server.
Preparing to unpack .../rabbitmq-server_3.8.2-0ubuntu1.1_all.deb ...
Unpacking rabbitmq-server (3.8.2-0ubuntu1.1) ...
Setting up locales-all (2.31-0ubuntu9) ...
Setting up socat (1.7.3.3-2) ...
Setting up rabbitmq-server (3.8.2-0ubuntu1.1) ...
Adding group `rabbitmq' (GID 137) ...
Done.
Adding system user `rabbitmq' (UID 130) ...
Adding new user `rabbitmq' (UID 130) with group `rabbitmq' ...
Not creating home directory `/var/lib/rabbitmq'.
Created symlink /etc/systemd/system/multi-user.target.wants/rabbitmq-server.service → /lib/systemd/system/rabbitmq-server.service.
Processing triggers for man-db (2.9.1-1) ...
Processing triggers for systemd (245.4-4ubuntu3.2) ...
mmmowww@mmmowww-VirtualBox:~$ sudo update-rc.d rabbitmq-server defaults
mmmowww@mmmowww-VirtualBox:~$ sudo revice rabbitmq-server start
sudo: revice: command not found
mmmowww@mmmowww-VirtualBox:~$ sudo service rabbitmq-server start
mmmowww@mmmowww-VirtualBox:~$ 
mmmowww@mmmowww-VirtualBox:~$ sudo systemctl enable rabbitmq-server
Synchronizing state of rabbitmq-server.service with SysV service script with /lib/systemd/systemd-sysv-install.
Executing: /lib/systemd/systemd-sysv-install enable rabbitmq-server
mmmowww@mmmowww-VirtualBox:~$ sudo systemctl start rabbitmq-server
mmmowww@mmmowww-VirtualBox:~$ sudo rabbitmqctl arr_user root 1

Command 'arr_user' not found. 
Did you mean 'add_user'? 

mmmowww@mmmowww-VirtualBox:~$ sudo rabbitmqctl add_user root 1
Adding user "root" ...
mmmowww@mmmowww-VirtualBox:~$ sudo rabbitmqctl set_user-tags root administrator

Command 'set_user-tags' not found. 
Did you mean 'set_user_tags'? 

mmmowww@mmmowww-VirtualBox:~$ sudo rabbitmqctl set_user_tags root administrator
Setting tags for user "root" to [administrator] ...
mmmowww@mmmowww-VirtualBox:~$ sudo rabbitmqctl set_permissions -p/admin ".*" ".*" ".*"
Error (argument validation): Invalid options for this command:
-p : 
-/ : 
-a : 
-d : 
-m : 
-i : 
Arguments given:
  set_permissions -p/admin .* .* .*

Usage

rabbitmqctl [--node <node>] [--longnames] [--quiet] set_permissions [--vhost <vhost>] <username> <conf> <write> <read>
mmmowww@mmmowww-VirtualBox:~$ sudo rabbitmqctl set_permissions -p/root ".*"".*"".*"
mmmowww@mmmowww-VirtualBox:~$ sudo rabbitmqctl set_permissions -p / root ".*" ".*" ".*"
Setting permissions for user "root" in vhost "/" ...
mmmowww@mmmowww-VirtualBox:~$ 
mmmowww@mmmowww-VirtualBox:~$ sudo rabbitmq-plugins enable rabbitmq_management
Enabling plugins on node rabbit@mmmowww-VirtualBox:
rabbitmq_management
The following plugins have been configured:
  rabbitmq_management
  rabbitmq_management_agent
  rabbitmq_web_dispatch
Applying plugin configuration to rabbit@mmmowww-VirtualBox...
The following plugins have been enabled:
  rabbitmq_management
  rabbitmq_management_agent
  rabbitmq_web_dispatch

started 3 plugins.